/home/moocow/text/projects/know/site/know-site-2001-12-06.carrot.snap.tar.bz2
